◇ injected env (3) from .env // tip: ⌘ suppress logs { quiet: true }


  HelloWeb3 (链上留言板)
    部署与初始状态
      √ 初始留言应为构造函数传入的内容 (44ms)
      √ 初始历史条数为 1，更新次数为 0
      √ owner 应为部署账户
      √ 部署时应触发 MessageUpdated 事件（index = 0）
      √ getEntry(0) 应返回初始留言及作者、时间戳
    setMessage 写入
      √ 写入后最新留言立即更新
      √ 每次写入 updateCount +1、historyLength +1
      √ 事件参数应包含作者、内容、时间戳与自增序号
      √ 任何地址都可以留言（本合约无权限限制）
    历史记录
      √ 历史记录按写入顺序保存，作者各自记录
      √ 时间戳应递增（后写入的不早于先写入的）
      √ 拒绝：读取越界历史 revert（index out of range）
    输入校验
      √ 拒绝：空留言 revert（message cannot be empty）
      √ 拒绝：超过 280 字符的留言 revert（message too long）
      √ 边界：恰好 280 字符应被接受
      √ 拒绝：留言被拒时历史记录不会增加

  MyNFT (ERC721)
    部署与初始状态
      √ name / symbol 应正确
      √ owner 应为部署账户
      √ maxSupply 应为构造时传入的值
      √ 初始状态：totalSupply / totalMinted 为 0，nextTokenId 为 1
      √ 初始状态：公开铸造默认关闭
      √ 支持 ERC721 与 ERC721Metadata 接口
      √ 支持 ERC721Enumerable 与 ERC4906 接口（多继承覆写生效）
      √ 拒绝：构造时 maxSupply 为 0 revert
      √ 不支持的随机接口应返回 false
    safeMint 铸造
      √ owner 铸造：ownerOf 与 balanceOf 正确，totalSupply 增加
      √ 铸造应从零地址发出 Transfer 事件
      √ tokenId 从 1 开始自增，totalMinted 同步递增
      √ tokenURI 应为铸造时传入的 metadata 链接
      √ 拒绝：非 owner 铸造 revert（OwnableUnauthorizedAccount）
      √ 拒绝：空 tokenURI revert（EmptyTokenURI）
      √ 拒绝：铸造给零地址 revert（ERC721InvalidReceiver）
      √ 拒绝：超过供应上限 revert（ExceedsMaxSupply）
    publicMint 公开铸造
      √ 拒绝：开关未打开时 revert（PublicMintDisabled）
      √ 开启后任何人可铸造，且铸造给 msg.sender
      √ 公开铸造不影响 owner 归属，且切换开关会发出事件
      √ 拒绝：非 owner 切换开关 revert（OwnableUnauthorizedAccount）
    tokenId 唯一性
      √ owner 可指定 tokenId 铸造
      √ 拒绝：重复 tokenId 铸造 revert（ERC721InvalidSender）
      √ 拒绝：指定 tokenId 铸造时空 URI revert（EmptyTokenURI）
      √ 拒绝：非 owner 指定 tokenId 铸造 revert
    转账
      √ 持有者可用 transferFrom 转出：归属与余额同步变化
      √ 转账应触发 Transfer 事件
      √ safeTransferFrom 与 transferFrom 结果一致（对 EOA 无额外检查）
      √ 拒绝：未授权者转账他人 NFT revert（ERC721InsufficientApproval）
      √ 拒绝：from 参数与真实持有者不符 revert（ERC721IncorrectOwner）
      √ 拒绝：转账到零地址 revert（ERC721InvalidReceiver）
      √ 拒绝：转账不存在的 tokenId revert（ERC721NonexistentToken）
    授权
      √ approve 后 getApproved 正确，并触发 Approval 事件
      √ 被授权者可代持转账，转账后授权自动清空
      √ 拒绝：非持有者调用 approve revert（ERC721InvalidApprover）
      √ 拒绝：approve 不存在的 tokenId revert（ERC721NonexistentToken）
      √ setApprovalForAll 授权后，operator 可转走该持有者的任意 NFT
      √ setApprovalForAll 可撤销授权
      √ 拒绝：把零地址设为 operator revert（ERC721InvalidOperator）
    Enumerable 枚举
      √ tokenOfOwnerByIndex 应返回该地址持有的第 N 个 tokenId
      √ tokenByIndex 与 totalSupply 配合可遍历全部 NFT
      √ 拒绝：tokenOfOwnerByIndex 越界 revert（ERC721OutOfBoundsIndex）
      √ 拒绝：对空地址调用 tokenOfOwnerByIndex 越界 revert
      √ 拒绝：tokenByIndex 全局越界 revert（owner 为零地址）
      √ 转账后枚举结果随之更新
    burn 销毁
      √ 持有者可销毁自己的 NFT，totalSupply 减少
      √ 销毁后 ownerOf 该 tokenId 应 revert
      √ 销毁不会回退 totalMinted（它是历史累计值）
      √ 被授权者可代持有者销毁
      √ 拒绝：无权限者销毁 revert（NotAuthorizedToBurn）
      √ 拒绝：销毁不存在的 tokenId revert（ERC721NonexistentToken）
    查询不存在的 tokenId
      √ ownerOf 不存在的 tokenId revert（ERC721NonexistentToken）
      √ tokenURI 不存在的 tokenId revert（ERC721NonexistentToken）
      √ getApproved 不存在的 tokenId revert（ERC721NonexistentToken）
      √ balanceOf 零地址 revert（ERC721InvalidOwner）
    版税（EIP-2981）
      √ 应支持 ERC2981 接口（0x2a55205a）
      √ royaltyDenominator 应为 10000
      √ royaltyInfo 应返回构造时设置的接收者与 5% 金额
      √ royaltyInfo 的金额应随成交价线性变化
      √ owner 可修改默认版税，并发出 DefaultRoyaltyUpdated
      √ 拒绝：非 owner 修改默认版税 revert（OwnableUnauthorizedAccount）
      √ 拒绝：版税率超过分母（10001）revert（ERC2981InvalidDefaultRoyalty）
      √ 拒绝：版税接收者为零地址 revert（ERC2981InvalidDefaultRoyaltyReceiver）
      √ 单枚版税优先于默认版税，并发出 TokenRoyaltyUpdated
      √ 清除单枚版税后应回退到默认版税（emit TokenRoyaltyReset）
      √ 拒绝：非 owner 设置单枚版税 revert（OwnableUnauthorizedAccount）
      √ 拒绝：非 owner 清除单枚版税 revert（OwnableUnauthorizedAccount）
      √ 拒绝：单枚版税接收者为零地址 revert（ERC2981InvalidTokenRoyaltyReceiver）
      √ 构造时版税接收者传零地址：不设版税，royaltyInfo 返回（零地址, 0）

  MyToken (ERC20)
    部署与初始状态
      √ name / symbol / decimals 应正确
      √ totalSupply 应为 100 万枚（最小单位）
      √ owner 应为部署账户
      √ 初始发行量应全部归 owner，其他账户为 0
      √ 部署时应从零地址发出 Transfer 事件（铸造语义）
    transfer
      √ 正常转账：双方余额变化，totalSupply 不变
      √ 转账应触发 Transfer 事件
      √ 边界：转账给自己，余额不变但事件照常触发
      √ 边界：转账 0，余额不变且允许成功
      √ 拒绝：余额不足时 revert（ERC20InsufficientBalance）
      √ 拒绝：转账到零地址 revert（ERC20InvalidReceiver）
    approve 与 transferFrom
      √ approve 后 allowance 正确，并触发 Approval 事件
      √ 边界：approve 0 表示撤销授权
      √ 代扣成功：资金从 owner 流向收款方，allowance 递减
      √ 拒绝：超额代扣 revert（ERC20InsufficientAllowance）
      √ 拒绝：未授权就代扣 revert（allowance 为 0）
      √ 拒绝：approve 给零地址 revert（ERC20InvalidSpender）
    mint 权限与增发
      √ owner 可增发：余额与 totalSupply 同步增加
      √ 拒绝：非 owner 调用 mint revert（OwnableUnauthorizedAccount）
      √ 拒绝：非 owner 增发后 totalSupply 不变
    burn 销毁
      √ 持币人可用 ERC20Burnable.burn 销毁自己的代币
      √ owner 可用 burn(address,uint256) 销毁指定地址的代币
      √ 拒绝：非 owner 调用 burn(address,uint256) revert
      √ 拒绝：销毁数量超过余额 revert（ERC20InsufficientBalance）
      √ 拒绝：owner 超额销毁他人代币 revert
    综合：供应量守恒
      √ 多轮转账 + 增发 + 销毁后，各账户余额之和恒等于 totalSupply
      √ 授权额度可被多次代扣，累计不超过授权上限

  SimpleMarket
    部署与初始状态
      √ owner 应正确设置
      √ 初始手续费应为构造时传入的 250 bps（2.5%）
      √ MAX_FEE_BPS 应为 1000（10%）
      √ 初始待提取手续费与合约余额均为 0
      √ 构造时手续费超过上限应 revert FeeTooHigh
    挂单
      √ 持有且已授权时应挂单成功，并发出 Listed 事件
      √ 挂单不应转移 NFT（授权式而非托管式）
      √ 价格为 0 应 revert PriceMustBeGreaterThanZero
      √ 非持有者挂单应 revert NotTokenOwner
      √ 未授权市场时挂单应 revert MarketNotApproved
      √ 使用 setApprovalForAll 全量授权也能挂单
      √ 重复挂单应 revert AlreadyListed
    购买
      √ 购买成功：NFT 转给买家、卖家收到扣费后的金额、手续费入账
      √ 购买成功应发出 Sold 事件（含买家与手续费）
      √ 购买后授权应被清空（OZ v5 转移即清授权）
      √ 多付的 ETH 应退还给买家（精确到 wei，已扣除 gas）
      √ 付款不足应 revert InsufficientPayment，并携带实付与应付金额
      √ 购买未挂单的 NFT 应 revert NotListed
      √ 同一枚 NFT 不能被购买两次（第二次 NotListed）
      √ 【陈旧挂单】卖家挂单后转走 NFT，购买应 revert StaleListing
      √ 卖家撤销授权后，购买应失败（safeTransferFrom 会 reject）
    安全防线
      √ 【重入攻击】恶意买家在收到 NFT 时重入 buy，应被挡下且交易正常完成
      √ 【重入原因】重入被挡下的原因是 ReentrancyGuardReentrantCall（锁生效）
      √ 【原子性】卖家拒绝收款时，整笔交易回滚，NFT 不转移、挂单仍有效
      √ 【对比组】愿意收款的合约卖家可以正常成交（call 而非 transfer 的价值）
      √ 【原子性】买家拒收退款时，整笔交易回滚，NFT 与挂单均保持原状
    改价与撤单
      √ 卖家可以改价，并发出 PriceUpdated 事件
      √ 非卖家改价应 revert NotSeller
      √ 未挂单时改价应 revert NotListed
      √ 未挂单时撤单应 revert NotListed
      √ 改价为 0 应 revert PriceMustBeGreaterThanZero
      √ 卖家可以撤单，并发出 Canceled 事件
      √ 非卖家撤单应 revert NotSeller
      √ 撤单后无法被购买
      √ 撤单不会自动撤销授权（需自行 revoke）
    手续费与提现
      √ 非 owner 设置费率应 revert OwnableUnauthorizedAccount
      √ owner 可以在上限内调整费率，并发出事件
      √ 费率可以设为 0（免手续费）
      √ 费率为 0 时成交：卖家实得全额，手续费与合约余额均为 0
      √ 费率超过 10% 上限应 revert FeeTooHigh
      √ quote 应返回正确的手续费与卖家实得
      √ 调整费率后，新成交按新费率计算
      √ owner 可以提取累计手续费，并发出 FeesWithdrawn
      √ 非 owner 提现应 revert OwnableUnauthorizedAccount
      √ 没有可提手续费时应 revert NothingToWithdraw
      √ 提到零地址应 revert ZeroAddress
      √ 提现到拒收 ETH 的地址应 revert EthTransferFailed，且手续费未被清零
      √ 手续费可以提到 owner 之外的地址
      √ 【重入提现】收款方在收到手续费时重入 withdrawFees，应被锁挡下
      √ 【owner 自重入】把 owner 换成合约并由其重入提现，仍被那把锁挡下
    版税（EIP-2981）
      √ MyNFT 应同时支持 ERC721 与 ERC2981（interfaceId 0x2a55205a）
      √ 不支持 2981 的普通 ERC721：supportsInterface 返回 false
      √ 带版税成交：平台费 + 版税 + 卖家实得 = price，且三方金额精确
      √ 带版税成交：卖家余额变化恰好等于 price - fee - royalty
      √ quoteWithRoyalty 的预估应与真实成交的分账完全一致
      √ 整数除法的余数应全部归卖家（合约内不滞留）
      √ 按 tokenId 设置不同版税：#1 走 10%，#2 走默认 5%
      √ 不支持 2981 的 NFT 能正常成交，且【不】产生版税
      √ 支持 2981 但版税为 0 的合集：成交正常，无版税入账
      √ 恶意/异常合集把版税设成 100%：版税被钳制，成交仍可进行
      √ 版税接收者可以提取属于自己的版税，并发出 RoyaltyWithdrawn
      √ 非版税接收者提取应 revert NothingToWithdraw
      √ 【Pull Payment】版税收款方拒收 ETH：成交照常，只有它自己提现时失败
      √ 【重入提现】版税收款方在收到款时重入 withdrawRoyalties，应被锁挡下
    出价（Offer）
      √ 出价后 ETH 进合约代管，getOffer 与事件都正确
      √ 多人对同一枚 NFT 同时出价，互不挤掉
      √ 同一买家重复出价 = 累加（加价），而不是退回重开
      √ 出价金额为 0 应 revert OfferAmountZero
      √ 对不存在的 tokenId 出价：ownerOf 直接 revert，钱进不了合约
      √ withdrawOffer 应全额取回并清掉记录
      √ 没有出价时 withdrawOffer 应 revert NoActiveOffer
      √ 一个买家撤回出价，不影响其他买家的出价
      √ 非持有者拒绝出价应 revert NotTokenOwner
      √ rejectOffer 应原路退回给买家，并清掉出价记录
      √ 拒绝一个没有出价的地址应 revert NoActiveOffer
      √ 【DoS 防护】买家拒收 ETH 时，rejectOffer 绝不 revert，钱转入待领池
      √ 拒收期间买家自己 withdrawOffer 会 revert（回滚后钱仍在出价里，可重试）
      √ 拒收期间领取待领池也会 revert；关掉拒收后才能领回
      √ 待领池为空时 withdrawPendingFunds 应 revert NothingToWithdraw
      √ acceptOffer 走三方分账：平台费 + 版税 + 卖家实得，三者之和恒等于出价 (53ms)
      √ 不支持 EIP-2981 的 NFT：接受出价不产生版税，卖家实得 = 出价 - 平台费
      √ 未授权市场转 NFT 时接受出价应 revert MarketNotApproved
      √ setApprovalForAll 整体授权同样可以成交（授权检查是 approve 或 forAll）
      √ 非持有者接受出价应 revert NotTokenOwner
      √ 【易主失效】NFT 转手后旧出价不可被接受，且买家能全额取回
      √ 【不清退他人】成交只清被接受的那一笔，落选买家的钱留在合约等自取
      √ 恶意出价者（拒收 ETH）不阻塞成交：NFT 照常到手、分账照常
      √ 【重入防护】买家在 onERC721Received 回调里重入 acceptOffer，应被锁挡下
      √ 【重入防护】买家在收到退款的瞬间重入 withdrawOffer / withdrawPendingFunds，同样被挡
      √ 【资金守恒】合约余额 == 代管出价 + 待领池 + 累计平台费 + 累计版税


  202 passing (2s)

···················································································································
|  [32m[1mSolidity and Network Configuration[22m[39m                                                                             │
······························|·················|···············|·················|································
|  [36mSolidity: 0.8.28[39m           ·  [36mOptim: true[39m    ·  [36mRuns: 200[39m    ·  [36mviaIR: false[39m   ·     [36mBlock: 60,000,000 gas[39m     │
······························|·················|···············|·················|································
|  [32m[1mMethods[22m[39m                                                                                                        │
······························|·················|···············|·················|················|···············
|  [32m[1mContracts / Methods[22m[39m        ·  [1mMin[22m            ·  [1mMax[22m          ·  [1mAvg[22m            ·  [1m# calls[22m       ·  [1musd (avg)[22m   │
······························|·················|···············|·················|················|···············
|  [1mHelloWeb3[22m                  ·                                                                                   │
······························|·················|···············|·················|················|···············
|      setMessage             ·        [36m101,870[39m  ·      [31m325,175[39m  ·        149,174  ·            12  ·           [32m[90m-[39m[32m[39m  │
······························|·················|···············|·················|················|···············
|  [1mMaliciousBuyer[22m             ·                                                                                   │
······························|·················|···············|·················|················|···············
|      attack                 ·              [90m-[39m  ·            [90m-[39m  ·        270,276  ·             2  ·           [32m[90m-[39m[32m[39m  │
······························|·················|···············|·················|················|···············
|  [1mMyNFT[22m                      ·                                                                                   │
······························|·················|···············|·················|················|···············
|      adminMintWithTokenId   ·              [90m-[39m  ·            [90m-[39m  ·        237,308  ·             2  ·           [32m[90m-[39m[32m[39m  │
······························|·················|···············|·················|················|···············
|      approve                ·         [36m26,501[39m  ·       [31m48,641[39m  ·         47,849  ·            56  ·           [32m[90m-[39m[32m[39m  │
······························|·················|···············|·················|················|···············
|      burn                   ·         [36m46,725[39m  ·       [31m50,974[39m  ·         47,787  ·             4  ·           [32m[90m-[39m[32m[39m  │
······························|·················|···············|·················|················|···············
|      publicMint             ·              [90m-[39m  ·            [90m-[39m  ·        241,560  ·             1  ·           [32m[90m-[39m[32m[39m  │
······························|·················|···············|·················|················|···············
|      resetTokenRoyalty      ·              [90m-[39m  ·            [90m-[39m  ·         25,117  ·             2  ·           [32m[90m-[39m[32m[39m  │
······························|·················|···············|·················|················|···············
|      safeMint               ·        [36m230,232[39m  ·      [31m244,544[39m  ·        240,758  ·            48  ·           [32m[90m-[39m[32m[39m  │
······························|·················|···············|·················|················|···············
|      safeTransferFrom       ·              [90m-[39m  ·            [90m-[39m  ·         84,040  ·             1  ·           [32m[90m-[39m[32m[39m  │
······························|·················|···············|·················|················|···············
|      setApprovalForAll      ·         [36m24,391[39m  ·       [31m46,315[39m  ·         42,655  ·             6  ·           [32m[90m-[39m[32m[39m  │
······························|·················|···············|·················|················|···············
|      setDefaultRoyalty      ·              [90m-[39m  ·            [90m-[39m  ·         30,947  ·             5  ·           [32m[90m-[39m[32m[39m  │
······························|·················|···············|·················|················|···············
|      setPublicMintEnabled   ·              [90m-[39m  ·            [90m-[39m  ·         46,944  ·             3  ·           [32m[90m-[39m[32m[39m  │
······························|·················|···············|·················|················|···············
|      setTokenRoyalty        ·         [36m48,665[39m  ·       [31m48,677[39m  ·         48,667  ·             5  ·           [32m[90m-[39m[32m[39m  │
······························|·················|···············|·················|················|···············
|      transferFrom           ·         [36m79,268[39m  ·       [31m93,775[39m  ·         83,052  ·             9  ·           [32m[90m-[39m[32m[39m  │
······························|·················|···············|·················|················|···············
|  [1mMyToken[22m                    ·                                                                                   │
······························|·················|···············|·················|················|···············
|      approve                ·         [36m24,417[39m  ·       [31m46,401[39m  ·         43,260  ·             7  ·           [32m[90m-[39m[32m[39m  │
······························|·················|···············|·················|················|···············
|      burn                   ·              [90m-[39m  ·            [90m-[39m  ·         33,859  ·             3  ·           [32m[90m-[39m[32m[39m  │
······························|·················|···············|·················|················|···············
|      burn                   ·              [90m-[39m  ·            [90m-[39m  ·         36,450  ·             2  ·           [32m[90m-[39m[32m[39m  │
······························|·················|···············|·················|················|···············
|      mint                   ·         [36m36,448[39m  ·       [31m53,548[39m  ·         47,848  ·             3  ·           [32m[90m-[39m[32m[39m  │
······························|·················|···············|·················|················|···············
|      transfer               ·         [36m26,903[39m  ·       [31m51,615[39m  ·         45,272  ·            15  ·           [32m[90m-[39m[32m[39m  │
······························|·················|···············|·················|················|···············
|      transferFrom           ·         [36m35,780[39m  ·       [31m57,680[39m  ·         53,300  ·             5  ·           [32m[90m-[39m[32m[39m  │
······························|·················|···············|·················|················|···············
|  [1mPlainERC721[22m                ·                                                                                   │
······························|·················|···············|·················|················|···············
|      mint                   ·              [90m-[39m  ·            [90m-[39m  ·         76,498  ·             1  ·           [32m[90m-[39m[32m[39m  │
······························|·················|···············|·················|················|···············
|  [1mReenteringOfferBidder[22m      ·                                                                                   │
······························|·················|···············|·················|················|···············
|      makeOffer              ·         [36m97,221[39m  ·      [31m174,021[39m  ·        159,861  ·             7  ·           [32m[90m-[39m[32m[39m  │
······························|·················|···············|·················|················|···············
|  [1mReenteringOwner[22m            ·                                                                                   │
······························|·················|···············|·················|················|···············
|      drain                  ·              [90m-[39m  ·            [90m-[39m  ·         64,322  ·             2  ·           [32m[90m-[39m[32m[39m  │
······························|·················|···············|·················|················|···············
|  [1mReenteringRoyaltyReceiver[22m  ·                                                                                   │
······························|·················|···············|·················|················|···············
|      withdraw               ·              [90m-[39m  ·            [90m-[39m  ·         83,415  ·             2  ·           [32m[90m-[39m[32m[39m  │
······························|·················|···············|·················|················|···············
|  [1mReentrancyProbe[22m            ·                                                                                   │
······························|·················|···············|·················|················|···············
|      attack                 ·              [90m-[39m  ·            [90m-[39m  ·        271,213  ·             1  ·           [32m[90m-[39m[32m[39m  │
······························|·················|···············|·················|················|···············
|  [1mRejectingOfferBidder[22m       ·                                                                                   │
······························|·················|···············|·················|················|···············
|      claimPending           ·              [90m-[39m  ·            [90m-[39m  ·         91,591  ·             5  ·           [32m[90m-[39m[32m[39m  │
······························|·················|···············|·················|················|···············
|      makeOffer              ·              [90m-[39m  ·            [90m-[39m  ·        174,021  ·             1  ·           [32m[90m-[39m[32m[39m  │
······························|·················|···············|·················|················|···············
|      setRejectEth           ·              [90m-[39m  ·            [90m-[39m  ·         21,709  ·             3  ·           [32m[90m-[39m[32m[39m  │
······························|·················|···············|·················|················|···············
|      withdrawOffer          ·              [90m-[39m  ·            [90m-[39m  ·         53,421  ·             1  ·           [32m[90m-[39m[32m[39m  │
······························|·················|···············|·················|················|···············
|  [1mRejectingSeller[22m            ·                                                                                   │
······························|·················|···············|·················|················|···············
|      listOnMarket           ·              [90m-[39m  ·            [90m-[39m  ·        127,483  ·             2  ·           [32m[90m-[39m[32m[39m  │
······························|·················|···············|·················|················|···············
|  [1mSimpleMarket[22m               ·                                                                                   │
······························|·················|···············|·················|················|···············
|      acceptOffer            ·        [36m137,645[39m  ·      [31m193,487[39m  ·        157,996  ·            15  ·           [32m[90m-[39m[32m[39m  │
······························|·················|···············|·················|················|···············
|      buy                    ·        [36m105,433[39m  ·      [31m172,025[39m  ·        147,055  ·            38  ·           [32m[90m-[39m[32m[39m  │
······························|·················|···············|·················|················|···············
|      cancel                 ·              [90m-[39m  ·            [90m-[39m  ·         26,606  ·             4  ·           [32m[90m-[39m[32m[39m  │
······························|·················|···············|·················|················|···············
|      list                   ·        [36m100,262[39m  ·      [31m103,539[39m  ·        100,450  ·            45  ·           [32m[90m-[39m[32m[39m  │
······························|·················|···············|·················|················|···············
|      makeOffer              ·         [36m29,994[39m  ·       [31m74,846[39m  ·         70,769  ·            22  ·           [32m[90m-[39m[32m[39m  │
······························|·················|···············|·················|················|···············
|      rejectOffer            ·         [36m44,507[39m  ·       [31m69,403[39m  ·         61,104  ·             9  ·           [32m[90m-[39m[32m[39m  │
······························|·················|···············|·················|················|···············
|      setFeeBps              ·         [36m25,249[39m  ·       [31m30,073[39m  ·         28,143  ·             5  ·           [32m[90m-[39m[32m[39m  │
······························|·················|···············|·················|················|···············
|      transferOwnership      ·              [90m-[39m  ·            [90m-[39m  ·         28,643  ·             1  ·           [32m[90m-[39m[32m[39m  │
······························|·················|···············|·················|················|···············
|      updatePrice            ·              [90m-[39m  ·            [90m-[39m  ·         33,746  ·             2  ·           [32m[90m-[39m[32m[39m  │
······························|·················|···············|·················|················|···············
|      withdrawFees           ·         [36m35,114[39m  ·      [31m107,756[39m  ·         53,900  ·             8  ·           [32m[90m-[39m[32m[39m  │
······························|·················|···············|·················|················|···············
|      withdrawOffer          ·              [90m-[39m  ·            [90m-[39m  ·         37,407  ·             9  ·           [32m[90m-[39m[32m[39m  │
······························|·················|···············|·················|················|···············
|      withdrawRoyalties      ·              [90m-[39m  ·            [90m-[39m  ·         32,516  ·             3  ·           [32m[90m-[39m[32m[39m  │
······························|·················|···············|·················|················|···············
|  [32m[1mDeployments[22m[39m                                  ·                                 ·  [1m% of limit[22m    ·              │
······························|·················|···············|·················|················|···············
|  [1mEthRejectingReceiver[22m       ·              [90m-[39m  ·            [90m-[39m  ·        109,911  ·         0.2 %  ·           [32m[90m-[39m[32m[39m  │
······························|·················|···············|·················|················|···············
|  [1mHelloWeb3[22m                  ·              [90m-[39m  ·            [90m-[39m  ·        654,541  ·         1.1 %  ·           [32m[90m-[39m[32m[39m  │
······························|·················|···············|·················|················|···············
|  [1mMaliciousBuyer[22m             ·              [90m-[39m  ·            [90m-[39m  ·        282,685  ·         0.5 %  ·           [32m[90m-[39m[32m[39m  │
······························|·················|···············|·················|················|···············
|  [1mMyNFT[22m                      ·      [36m1,970,102[39m  ·    [31m1,992,710[39m  ·      1,988,184  ·         3.3 %  ·           [32m[90m-[39m[32m[39m  │
······························|·················|···············|·················|················|···············
|  [1mMyToken[22m                    ·              [90m-[39m  ·            [90m-[39m  ·        709,837  ·         1.2 %  ·           [32m[90m-[39m[32m[39m  │
······························|·················|···············|·················|················|···············
|  [1mPlainERC721[22m                ·              [90m-[39m  ·            [90m-[39m  ·        992,830  ·         1.7 %  ·           [32m[90m-[39m[32m[39m  │
······························|·················|···············|·················|················|···············
|  [1mReenteringFeeReceiver[22m      ·              [90m-[39m  ·            [90m-[39m  ·        294,224  ·         0.5 %  ·           [32m[90m-[39m[32m[39m  │
······························|·················|···············|·················|················|···············
|  [1mReenteringOfferBidder[22m      ·              [90m-[39m  ·            [90m-[39m  ·        466,042  ·         0.8 %  ·           [32m[90m-[39m[32m[39m  │
······························|·················|···············|·················|················|···············
|  [1mReenteringOwner[22m            ·              [90m-[39m  ·            [90m-[39m  ·        332,738  ·         0.6 %  ·           [32m[90m-[39m[32m[39m  │
······························|·················|···············|·················|················|···············
|  [1mReenteringRoyaltyReceiver[22m  ·              [90m-[39m  ·            [90m-[39m  ·        339,874  ·         0.6 %  ·           [32m[90m-[39m[32m[39m  │
······························|·················|···············|·················|················|···············
|  [1mReentrancyProbe[22m            ·              [90m-[39m  ·            [90m-[39m  ·        410,668  ·         0.7 %  ·           [32m[90m-[39m[32m[39m  │
······························|·················|···············|·················|················|···············
|  [1mRefundRejectingBuyer[22m       ·              [90m-[39m  ·            [90m-[39m  ·        250,928  ·         0.4 %  ·           [32m[90m-[39m[32m[39m  │
······························|·················|···············|·················|················|···············
|  [1mRejectingOfferBidder[22m       ·              [90m-[39m  ·            [90m-[39m  ·        611,494  ·           1 %  ·           [32m[90m-[39m[32m[39m  │
······························|·················|···············|·················|················|···············
|  [1mRejectingSeller[22m            ·        [36m227,337[39m  ·      [31m247,249[39m  ·        237,293  ·         0.4 %  ·           [32m[90m-[39m[32m[39m  │
······························|·················|···············|·················|················|···············
|  [1mRoyaltyRejectingReceiver[22m   ·              [90m-[39m  ·            [90m-[39m  ·        149,515  ·         0.2 %  ·           [32m[90m-[39m[32m[39m  │
······························|·················|···············|·················|················|···············
|  [1mSimpleMarket[22m               ·              [90m-[39m  ·            [90m-[39m  ·      1,735,337  ·         2.9 %  ·           [32m[90m-[39m[32m[39m  │
······························|·················|···············|·················|················|···············
|  [32m[1mKey[22m[39m                                                                                                            │
···················································································································
|  [35m[1m◯[22m[39m  Execution gas for this method does not include intrinsic gas overhead                                       │
···················································································································
|  [35m[1m△[22m[39m  Cost was non-zero but below the precision setting for the currency display (see options)                    │
···················································································································
|  [35mToolchain:[39m  hardhat                                                                                            │
···················································································································
